\BOOKMARK [2][]{Outline0.1}{E\(V\), E\(V\) + EZP, F\(V; T\) and pressure of transition. Thermal evolution}{}% 1
\BOOKMARK [2][]{Outline0.2}{Phase Boundary}{}% 2
